2026-10-08 16:02:30,309 | INFO    | scrapers.base_scraper | [Books to Scrape] Page 1: https://books.toscrape.com/
2026-10-08 16:02:32,871 | INFO    | scrapers.base_scraper | [Books to Scrape] Page 2: https://books.toscrape.com/catalogue/page-2.html
2026-10-08 16:02:34,224 | INFO    | scrapers.base_scraper | [Books to Scrape] Page 3: https://books.toscrape.com/catalogue/page-3.html
2026-10-08 16:02:35,329 | INFO    | scrapers.base_scraper | [Books to Scrape] Page 4: https://books.toscrape.com/catalogue/page-4.html
2026-10-08 16:02:36,442 | INFO    | scrapers.base_scraper | [Books to Scrape] Page 5: https://books.toscrape.com/catalogue/page-5.html
2026-10-08 16:02:37,786 | INFO    | scrapers.base_scraper | [Books to Scrape] Page 6: https://books.toscrape.com/catalogue/page-6.html
2026-10-08 16:02:38,927 | INFO    | scrapers.base_scraper | [Books to Scrape] Page 7: https://books.toscrape.com/catalogue/page-7.html
2026-10-08 16:02:40,040 | INFO    | scrapers.base_scraper | [Books to Scrape] Page 8: https://books.toscrape.com/catalogue/page-8.html
2026-10-08 16:02:41,194 | INFO    | scrapers.base_scraper | [Books to Scrape] Page 9: https://books.toscrape.com/catalogue/page-9.html
2026-10-08 16:02:42,316 | INFO    | scrapers.base_scraper | [Books to Scrape] Page 10: https://books.toscrape.com/catalogue/page-10.html
2026-10-08 16:02:43,434 | INFO    | scrapers.base_scraper | [Books to Scrape] Page 11: https://books.toscrape.com/catalogue/page-11.html
2026-10-08 16:02:44,556 | INFO    | scrapers.base_scraper | [Books to Scrape] Page 12: https://books.toscrape.com/catalogue/page-12.html
2026-10-08 16:02:45,655 | INFO    | scrapers.base_scraper | [Books to Scrape] Page 13: https://books.toscrape.com/catalogue/page-13.html
2026-10-08 16:02:46,771 | INFO    | scrapers.base_scraper | [Books to Scrape] Page 14: https://books.toscrape.com/catalogue/page-14.html
2026-10-08 16:02:47,846 | INFO    | scrapers.base_scraper | [Books to Scrape] Page 15: https://books.toscrape.com/catalogue/page-15.html
2026-10-08 16:02:49,767 | INFO    | scrapers.base_scraper | [Books to Scrape] Page 16: https://books.toscrape.com/catalogue/page-16.html
2026-10-08 16:02:51,661 | INFO    | scrapers.base_scraper | [Books to Scrape] Page 17: https://books.toscrape.com/catalogue/page-17.html
2026-10-08 16:02:53,030 | INFO    | scrapers.base_scraper | [Books to Scrape] Page 18: https://books.toscrape.com/catalogue/page-18.html
2026-10-08 16:02:54,379 | INFO    | scrapers.base_scraper | [Books to Scrape] Page 19: https://books.toscrape.com/catalogue/page-19.html
2026-10-08 16:02:55,498 | INFO    | scrapers.base_scraper | [Books to Scrape] Page 20: https://books.toscrape.com/catalogue/page-20.html
2026-10-08 16:02:56,604 | INFO    | scrapers.base_scraper | [Books to Scrape] Page 21: https://books.toscrape.com/catalogue/page-21.html
2026-10-08 16:02:57,723 | INFO    | scrapers.base_scraper | [Books to Scrape] Page 22: https://books.toscrape.com/catalogue/page-22.html
2026-10-08 16:02:59,085 | INFO    | scrapers.base_scraper | [Books to Scrape] Page 23: https://books.toscrape.com/catalogue/page-23.html
2026-10-08 16:03:00,155 | INFO    | scrapers.base_scraper | [Books to Scrape] Page 24: https://books.toscrape.com/catalogue/page-24.html
2026-10-08 16:03:01,231 | INFO    | scrapers.base_scraper | [Books to Scrape] Page 25: https://books.toscrape.com/catalogue/page-25.html
2026-10-08 16:03:02,323 | INFO    | scrapers.base_scraper | [Books to Scrape] Page 26: https://books.toscrape.com/catalogue/page-26.html
2026-10-08 16:03:03,389 | INFO    | scrapers.base_scraper | [Books to Scrape] Page 27: https://books.toscrape.com/catalogue/page-27.html
2026-10-08 16:03:04,462 | INFO    | scrapers.base_scraper | [Books to Scrape] Page 28: https://books.toscrape.com/catalogue/page-28.html
2026-10-08 16:03:06,444 | INFO    | scrapers.base_scraper | [Books to Scrape] Page 29: https://books.toscrape.com/catalogue/page-29.html
2026-10-08 16:03:07,812 | INFO    | scrapers.base_scraper | [Books to Scrape] Page 30: https://books.toscrape.com/catalogue/page-30.html
2026-10-08 16:03:09,202 | INFO    | scrapers.base_scraper | [Books to Scrape] Page 31: https://books.toscrape.com/catalogue/page-31.html
2026-10-08 16:03:10,550 | INFO    | scrapers.base_scraper | [Books to Scrape] Page 32: https://books.toscrape.com/catalogue/page-32.html
2026-10-08 16:03:11,930 | INFO    | scrapers.base_scraper | [Books to Scrape] Page 33: https://books.toscrape.com/catalogue/page-33.html
2026-10-08 16:03:13,294 | INFO    | scrapers.base_scraper | [Books to Scrape] Page 34: https://books.toscrape.com/catalogue/page-34.html
2026-10-08 16:03:14,978 | INFO    | scrapers.base_scraper | [Books to Scrape] Page 35: https://books.toscrape.com/catalogue/page-35.html
2026-10-08 16:03:16,348 | INFO    | scrapers.base_scraper | [Books to Scrape] Page 36: https://books.toscrape.com/catalogue/page-36.html
2026-10-08 16:03:17,689 | INFO    | scrapers.base_scraper | [Books to Scrape] Page 37: https://books.toscrape.com/catalogue/page-37.html
2026-10-08 16:03:19,038 | INFO    | scrapers.base_scraper | [Books to Scrape] Page 38: https://books.toscrape.com/catalogue/page-38.html
2026-10-08 16:03:20,388 | INFO    | scrapers.base_scraper | [Books to Scrape] Page 39: https://books.toscrape.com/catalogue/page-39.html
2026-10-08 16:03:21,749 | INFO    | scrapers.base_scraper | [Books to Scrape] Page 40: https://books.toscrape.com/catalogue/page-40.html
2026-10-08 16:03:23,107 | INFO    | scrapers.base_scraper | [Books to Scrape] Page 41: https://books.toscrape.com/catalogue/page-41.html
2026-10-08 16:03:24,444 | INFO    | scrapers.base_scraper | [Books to Scrape] Page 42: https://books.toscrape.com/catalogue/page-42.html
2026-10-08 16:03:25,790 | INFO    | scrapers.base_scraper | [Books to Scrape] Page 43: https://books.toscrape.com/catalogue/page-43.html
2026-10-08 16:03:27,498 | INFO    | scrapers.base_scraper | [Books to Scrape] Page 44: https://books.toscrape.com/catalogue/page-44.html
2026-10-08 16:03:28,847 | INFO    | scrapers.base_scraper | [Books to Scrape] Page 45: https://books.toscrape.com/catalogue/page-45.html
2026-10-08 16:03:30,174 | INFO    | scrapers.base_scraper | [Books to Scrape] Page 46: https://books.toscrape.com/catalogue/page-46.html
2026-10-08 16:03:31,498 | INFO    | scrapers.base_scraper | [Books to Scrape] Page 47: https://books.toscrape.com/catalogue/page-47.html
2026-10-08 16:03:32,866 | INFO    | scrapers.base_scraper | [Books to Scrape] Page 48: https://books.toscrape.com/catalogue/page-48.html
2026-10-08 16:03:34,220 | INFO    | scrapers.base_scraper | [Books to Scrape] Page 49: https://books.toscrape.com/catalogue/page-49.html
2026-10-08 16:03:35,570 | INFO    | scrapers.base_scraper | [Books to Scrape] Page 50: https://books.toscrape.com/catalogue/page-50.html
2026-10-08 16:03:36,950 | INFO    | scrapers.base_scraper | [Books to Scrape] Done: 1000 raw records, 50 pages
2026-10-08 16:03:36,951 | INFO    | scrapers.books_scraper | [Books to Scrape] Fetching 1000 detail pages
2026-10-08 16:05:22,899 | INFO    | scrapers.books_scraper | [Books to Scrape] Details 100/1000
2026-10-08 16:07:11,186 | INFO    | scrapers.books_scraper | [Books to Scrape] Details 200/1000
2026-10-08 16:09:00,647 | INFO    | scrapers.books_scraper | [Books to Scrape] Details 300/1000
2026-10-08 16:10:52,169 | INFO    | scrapers.books_scraper | [Books to Scrape] Details 400/1000
2026-10-08 16:12:41,731 | INFO    | scrapers.books_scraper | [Books to Scrape] Details 500/1000
2026-10-08 16:14:34,253 | INFO    | scrapers.books_scraper | [Books to Scrape] Details 600/1000
2026-10-08 16:16:23,781 | INFO    | scrapers.books_scraper | [Books to Scrape] Details 700/1000
2026-10-08 16:18:51,718 | INFO    | scrapers.books_scraper | [Books to Scrape] Details 800/1000
2026-10-08 16:20:39,244 | INFO    | scrapers.books_scraper | [Books to Scrape] Details 900/1000
2026-10-08 16:22:29,812 | INFO    | scrapers.books_scraper | [Books to Scrape] Details 1000/1000
2026-10-08 16:22:29,856 | INFO    | scrapers.base_scraper | [Quotes to Scrape] Page 1: https://quotes.toscrape.com/
2026-10-08 16:22:31,940 | INFO    | scrapers.base_scraper | [Quotes to Scrape] Page 2: https://quotes.toscrape.com/page/2/
2026-10-08 16:22:32,995 | INFO    | scrapers.base_scraper | [Quotes to Scrape] Page 3: https://quotes.toscrape.com/page/3/
2026-10-08 16:22:33,776 | INFO    | scrapers.base_scraper | [Quotes to Scrape] Page 4: https://quotes.toscrape.com/page/4/
2026-10-08 16:22:34,578 | INFO    | scrapers.base_scraper | [Quotes to Scrape] Page 5: https://quotes.toscrape.com/page/5/
2026-10-08 16:22:35,417 | INFO    | scrapers.base_scraper | [Quotes to Scrape] Page 6: https://quotes.toscrape.com/page/6/
2026-10-08 16:22:36,220 | INFO    | scrapers.base_scraper | [Quotes to Scrape] Page 7: https://quotes.toscrape.com/page/7/
2026-10-08 16:22:37,005 | INFO    | scrapers.base_scraper | [Quotes to Scrape] Page 8: https://quotes.toscrape.com/page/8/
2026-10-08 16:22:37,792 | INFO    | scrapers.base_scraper | [Quotes to Scrape] Page 9: https://quotes.toscrape.com/page/9/
2026-10-08 16:22:38,573 | INFO    | scrapers.base_scraper | [Quotes to Scrape] Page 10: https://quotes.toscrape.com/page/10/
2026-10-08 16:22:39,364 | INFO    | scrapers.base_scraper | [Quotes to Scrape] Done: 100 raw records, 10 pages
2026-10-08 16:22:39,380 | WARNING | main | Duplicate removed: [Books to Scrape] The Star-Touched Queen
2026-10-08 16:22:39,416 | INFO    | main | Finished: 1099 rows written, reconciled=True, 1209.1s
